{"timestamp": "2026-03-01T01:54:52.079335", "user_id": "user_123", "content_hash": -3180983978700156994, "is_compliant": true, "violations": []}
{"timestamp": "2026-03-01T01:55:02.156065", "user_id": "test", "content_hash": 4486564187462415635, "is_compliant": false, "violations": ["IT_ACT_DEEPFAKE_RESTRICTION"]}
{"timestamp": "2026-03-01T01:55:11.687751", "user_id": "test", "content_hash": 8297652867373490762, "is_compliant": false, "violations": ["DPDP_PII_PROTECTION"]}
{"timestamp": "2026-03-01T02:07:39.993616", "user_id": "user_001", "content_hash": 2275774561737873571, "is_compliant": true, "violations": []}
{"timestamp": "2026-03-01T02:07:39.995700", "user_id": "user_002", "content_hash": -4860503059258488577, "is_compliant": false, "violations": ["SGI_USER_CONSENT"]}
{"timestamp": "2026-03-01T02:07:39.996191", "user_id": "user_003", "content_hash": 611750283404584095, "is_compliant": false, "violations": ["DPDP_PII_PROTECTION"]}
{"timestamp": "2026-03-01T02:07:39.996612", "user_id": "user_004", "content_hash": 6398995774167023883, "is_compliant": false, "violations": ["IT_ACT_DEEPFAKE_RESTRICTION"]}
{"timestamp": "2026-03-01T02:07:39.997140", "user_id": "user_005", "content_hash": -4700091628429089793, "is_compliant": false, "violations": ["SGI_MANDATORY_LABELING"]}
{"timestamp": "2026-03-01T02:07:39.997568", "user_id": "user_006", "content_hash": -6593986892304892189, "is_compliant": false, "violations": ["SGI_MANDATORY_LABELING"]}
{"timestamp": "2026-03-01T02:07:39.997941", "user_id": "user_007", "content_hash": 8418763018885929895, "is_compliant": false, "violations": ["SGI_MANDATORY_LABELING"]}
{"timestamp": "2026-03-01T02:07:39.998364", "user_id": "user_008", "content_hash": 7215473782393301095, "is_compliant": false, "violations": ["SGI_MANDATORY_LABELING"]}
{"timestamp": "2026-03-01T02:07:39.998784", "user_id": "user_009", "content_hash": 6928816498546895510, "is_compliant": false, "violations": ["SGI_MANDATORY_LABELING"]}
{"timestamp": "2026-03-01T02:07:39.999297", "user_id": "user_010", "content_hash": -8524022423121253160, "is_compliant": true, "violations": []}
{"timestamp": "2026-03-01T02:09:40.036186", "user_id": "user_001", "content_hash": 3531153859984011531, "is_compliant": true, "violations": []}
{"timestamp": "2026-03-01T02:09:49.891658", "user_id": "user_001", "content_hash": 8791002967536171224, "is_compliant": true, "violations": []}
{"timestamp": "2026-03-01T02:09:49.892353", "user_id": "user_002", "content_hash": -9197618934122716586, "is_compliant": false, "violations": ["SGI_USER_CONSENT"]}
{"timestamp": "2026-03-01T02:09:49.892803", "user_id": "user_003", "content_hash": -4978691449812284737, "is_compliant": false, "violations": ["DPDP_PII_PROTECTION"]}
{"timestamp": "2026-03-01T02:09:49.893096", "user_id": "user_004", "content_hash": 5571804266064613382, "is_compliant": false, "violations": ["IT_ACT_DEEPFAKE_RESTRICTION"]}
{"timestamp": "2026-03-01T02:09:49.893421", "user_id": "user_005", "content_hash": -6112157568202723272, "is_compliant": false, "violations": ["SGI_MANDATORY_LABELING"]}
{"timestamp": "2026-03-01T02:09:49.893820", "user_id": "user_006", "content_hash": -5843096125211585503, "is_compliant": false, "violations": ["SGI_MANDATORY_LABELING"]}
{"timestamp": "2026-03-01T02:09:49.894252", "user_id": "user_007", "content_hash": -913570140489234783, "is_compliant": false, "violations": ["SGI_MANDATORY_LABELING"]}
{"timestamp": "2026-03-01T02:09:49.894670", "user_id": "user_008", "content_hash": 1089443383372529749, "is_compliant": false, "violations": ["SGI_MANDATORY_LABELING"]}
{"timestamp": "2026-03-01T02:09:49.895021", "user_id": "user_009", "content_hash": -5316099706257173530, "is_compliant": false, "violations": ["SGI_MANDATORY_LABELING"]}
{"timestamp": "2026-03-01T02:09:49.895457", "user_id": "user_010", "content_hash": 2788452564109711391, "is_compliant": true, "violations": []}
{"timestamp": "2026-03-01T02:11:37.514121", "user_id": "user_001", "content_hash": 426770698444491267, "is_compliant": true, "violations": []}
{"timestamp": "2026-03-01T02:11:37.514834", "user_id": "user_002", "content_hash": -7156308846666694103, "is_compliant": false, "violations": ["SGI_USER_CONSENT"]}
{"timestamp": "2026-03-01T02:11:37.515321", "user_id": "user_003", "content_hash": -162623747222567523, "is_compliant": false, "violations": ["DPDP_PII_PROTECTION"]}
{"timestamp": "2026-03-01T02:11:37.515666", "user_id": "user_004", "content_hash": -4419980708456443049, "is_compliant": false, "violations": ["IT_ACT_DEEPFAKE_RESTRICTION"]}
{"timestamp": "2026-03-01T02:11:37.516009", "user_id": "user_005", "content_hash": 5232801842528799662, "is_compliant": false, "violations": ["SGI_MANDATORY_LABELING"]}
{"timestamp": "2026-03-01T02:11:37.516367", "user_id": "user_006", "content_hash": 3242733338518167473, "is_compliant": false, "violations": ["SGI_MANDATORY_LABELING"]}
{"timestamp": "2026-03-01T02:11:37.516692", "user_id": "user_007", "content_hash": -144920568751284710, "is_compliant": false, "violations": ["SGI_MANDATORY_LABELING"]}
{"timestamp": "2026-03-01T02:11:37.517025", "user_id": "user_008", "content_hash": -6304134429329637345, "is_compliant": false, "violations": ["SGI_MANDATORY_LABELING"]}
{"timestamp": "2026-03-01T02:11:37.517468", "user_id": "user_009", "content_hash": -2107362472641786938, "is_compliant": false, "violations": ["SGI_MANDATORY_LABELING"]}
{"timestamp": "2026-03-01T02:11:37.517999", "user_id": "user_010", "content_hash": 85917699131620898, "is_compliant": true, "violations": []}
{"timestamp": "2026-03-01T02:12:05.776758", "user_id": "test_user", "content_hash": 6770332943054916833, "is_compliant": true, "violations": []}
{"timestamp": "2026-03-01T02:12:05.777907", "user_id": "test_user", "content_hash": -492728609116062136, "is_compliant": false, "violations": ["SGI_MANDATORY_LABELING"]}
{"timestamp": "2026-03-01T02:12:05.777907", "user_id": "test_user", "content_hash": -492728609116062136, "is_compliant": false, "violations": ["SGI_MANDATORY_LABELING"]}
{"timestamp": "2026-03-01T02:12:05.778807", "user_id": "test_user", "content_hash": 6364762203369614477, "is_compliant": false, "violations": ["IT_ACT_DEEPFAKE_RESTRICTION"]}
{"timestamp": "2026-03-01T02:12:05.778807", "user_id": "test_user", "content_hash": 6364762203369614477, "is_compliant": false, "violations": ["IT_ACT_DEEPFAKE_RESTRICTION"]}
{"timestamp": "2026-03-01T02:12:05.778807", "user_id": "test_user", "content_hash": 6364762203369614477, "is_compliant": false, "violations": ["IT_ACT_DEEPFAKE_RESTRICTION"]}
{"timestamp": "2026-03-01T02:12:05.779766", "user_id": "test_user", "content_hash": 3440564892161377441, "is_compliant": false, "violations": ["SGI_MANDATORY_LABELING"]}
{"timestamp": "2026-03-01T02:12:05.779766", "user_id": "test_user", "content_hash": 3440564892161377441, "is_compliant": false, "violations": ["SGI_MANDATORY_LABELING"]}
{"timestamp": "2026-03-01T02:12:05.779766", "user_id": "test_user", "content_hash": 3440564892161377441, "is_compliant": false, "violations": ["SGI_MANDATORY_LABELING"]}
{"timestamp": "2026-03-01T02:12:05.779766", "user_id": "test_user", "content_hash": 3440564892161377441, "is_compliant": false, "violations": ["SGI_MANDATORY_LABELING"]}
{"timestamp": "2026-03-01T02:12:05.780739", "user_id": "test_user", "content_hash": -4021807902765873638, "is_compliant": true, "violations": []}
{"timestamp": "2026-03-01T02:12:05.780739", "user_id": "test_user", "content_hash": -4021807902765873638, "is_compliant": true, "violations": []}
{"timestamp": "2026-03-01T02:12:05.780739", "user_id": "test_user", "content_hash": -4021807902765873638, "is_compliant": true, "violations": []}
{"timestamp": "2026-03-01T02:12:05.780739", "user_id": "test_user", "content_hash": -4021807902765873638, "is_compliant": true, "violations": []}
{"timestamp": "2026-03-01T02:12:05.780739", "user_id": "test_user", "content_hash": -4021807902765873638, "is_compliant": true, "violations": []}
{"timestamp": "2026-03-01T02:31:20.201029", "user_id": "test_user", "content_hash": -96319033161205691, "is_compliant": true, "violations": []}
{"timestamp": "2026-03-01T02:49:05.256137", "user_id": "user_001", "content_hash": -2399586463721561776, "is_compliant": true, "violations": []}
{"timestamp": "2026-03-01T02:49:05.260128", "user_id": "user_002", "content_hash": -1891308139038338201, "is_compliant": false, "violations": ["SGI_USER_CONSENT"]}
{"timestamp": "2026-03-01T02:49:05.260599", "user_id": "user_003", "content_hash": 7866990683035500226, "is_compliant": false, "violations": ["SGI_MANDATORY_LABELING"]}
{"timestamp": "2026-03-01T02:49:05.260971", "user_id": "user_004", "content_hash": 6174852256625454781, "is_compliant": false, "violations": ["SGI_MANDATORY_LABELING"]}
{"timestamp": "2026-03-01T02:49:05.261334", "user_id": "user_005", "content_hash": -8462435192890348347, "is_compliant": false, "violations": ["SGI_MANDATORY_LABELING"]}
{"timestamp": "2026-03-01T02:49:05.261896", "user_id": "user_006", "content_hash": -3982100167135258454, "is_compliant": false, "violations": ["SGI_MANDATORY_LABELING"]}
{"timestamp": "2026-03-01T02:49:05.262214", "user_id": "user_007", "content_hash": -3171820887378019698, "is_compliant": false, "violations": ["SGI_MANDATORY_LABELING"]}
{"timestamp": "2026-03-01T02:49:05.262566", "user_id": "user_008", "content_hash": 7356033075188201558, "is_compliant": false, "violations": ["SGI_MANDATORY_LABELING"]}
{"timestamp": "2026-03-01T02:49:05.262913", "user_id": "user_009", "content_hash": -8656775126510624479, "is_compliant": false, "violations": ["SGI_MANDATORY_LABELING"]}
{"timestamp": "2026-03-01T02:49:05.263497", "user_id": "user_010", "content_hash": -4215920033678185878, "is_compliant": true, "violations": []}
{"timestamp": "2026-03-01T02:49:54.918617", "user_id": "user_123", "content_hash": 6614891434306124647, "is_compliant": false, "violations": ["SGI_USER_CONSENT"]}
{"timestamp": "2026-03-01T02:59:59.301923", "user_id": "user_001", "content_hash": -5093137684609950647, "is_compliant": true, "violations": []}
{"timestamp": "2026-03-01T02:59:59.304228", "user_id": "user_002", "content_hash": 38530948060009899, "is_compliant": false, "violations": ["SGI_USER_CONSENT"]}
{"timestamp": "2026-03-01T02:59:59.304658", "user_id": "user_003", "content_hash": -2247989952126355154, "is_compliant": false, "violations": ["SGI_MANDATORY_LABELING"]}
{"timestamp": "2026-03-01T02:59:59.305045", "user_id": "user_004", "content_hash": -1413970582530702478, "is_compliant": false, "violations": ["SGI_MANDATORY_LABELING"]}
{"timestamp": "2026-03-01T02:59:59.305388", "user_id": "user_005", "content_hash": -6051018755398341078, "is_compliant": false, "violations": ["SGI_MANDATORY_LABELING"]}
{"timestamp": "2026-03-01T02:59:59.305724", "user_id": "user_006", "content_hash": -3618380744072839962, "is_compliant": false, "violations": ["SGI_MANDATORY_LABELING"]}
{"timestamp": "2026-03-01T02:59:59.306057", "user_id": "user_007", "content_hash": 8510153692545072647, "is_compliant": false, "violations": ["SGI_MANDATORY_LABELING"]}
{"timestamp": "2026-03-01T02:59:59.306388", "user_id": "user_008", "content_hash": -5882114710722744953, "is_compliant": false, "violations": ["SGI_MANDATORY_LABELING"]}
{"timestamp": "2026-03-01T02:59:59.306706", "user_id": "user_009", "content_hash": 1066229039005968091, "is_compliant": false, "violations": ["SGI_MANDATORY_LABELING"]}
{"timestamp": "2026-03-01T02:59:59.307117", "user_id": "user_010", "content_hash": 3766489602996925967, "is_compliant": true, "violations": []}
{"timestamp": "2026-03-01T03:08:11.288424", "user_id": "user_001", "content_hash": -107550238841608852, "is_compliant": false, "violations": ["SGI_MANDATORY_LABELING"]}
{"timestamp": "2026-03-01T03:08:11.288424", "user_id": "user_001", "content_hash": -107550238841608852, "is_compliant": false, "violations": ["SGI_MANDATORY_LABELING"]}
{"timestamp": "2026-03-01T03:08:11.289370", "user_id": "user_001", "content_hash": "240f02623a422e06", "content_type": "image", "content_length": 30, "is_compliant": false, "violations": ["SGI_MANDATORY_LABELING"], "validation_warnings": ["Missing 'user_consent_sgi' in metadata. Set to False (deny by default)", "Missing 'has_sgi_label' in metadata. Set to False (requires labeling)", "Missing 'is_ai_generated' for image. Set to True (assume AI-generated)"], "risk_score": 25, "risk_level": "low", "detected_language": "en", "sentiment": "neutral", "categories": ["general"], "suspicious_patterns": false}
{"timestamp": "2026-03-01T03:08:11.289370", "user_id": "user_001", "content_hash": "240f02623a422e06", "content_type": "image", "content_length": 30, "is_compliant": false, "violations": ["SGI_MANDATORY_LABELING"], "validation_warnings": ["Missing 'user_consent_sgi' in metadata. Set to False (deny by default)", "Missing 'has_sgi_label' in metadata. Set to False (requires labeling)", "Missing 'is_ai_generated' for image. Set to True (assume AI-generated)"], "risk_score": 25, "risk_level": "low", "detected_language": "en", "sentiment": "neutral", "categories": ["general"], "suspicious_patterns": false}
{"timestamp": "2026-03-01T03:08:11.290999", "user_id": "user_002", "content_hash": 5612167136170830312, "is_compliant": true, "violations": []}
{"timestamp": "2026-03-01T03:08:11.290999", "user_id": "user_002", "content_hash": 5612167136170830312, "is_compliant": true, "violations": []}
{"timestamp": "2026-03-01T03:08:11.291129", "user_id": "user_002", "content_hash": "031df23e2b1dfdbe", "content_type": "text", "content_length": 52, "is_compliant": true, "violations": [], "validation_warnings": ["Suspicious pattern detected: Possible XSS attempt"], "risk_score": 40, "risk_level": "medium", "detected_language": "en", "sentiment": "neutral", "categories": ["general"], "suspicious_patterns": true}
{"timestamp": "2026-03-01T03:08:11.291129", "user_id": "user_002", "content_hash": "031df23e2b1dfdbe", "content_type": "text", "content_length": 52, "is_compliant": true, "violations": [], "validation_warnings": ["Suspicious pattern detected: Possible XSS attempt"], "risk_score": 40, "risk_level": "medium", "detected_language": "en", "sentiment": "neutral", "categories": ["general"], "suspicious_patterns": true}
{"timestamp": "2026-03-01T03:08:11.291914", "user_id": "user_003", "content_hash": -7775754335724195536, "is_compliant": false, "violations": ["SGI_HARMFUL_CONTENT_BLOCKING"]}
{"timestamp": "2026-03-01T03:08:11.291914", "user_id": "user_003", "content_hash": -7775754335724195536, "is_compliant": false, "violations": ["SGI_HARMFUL_CONTENT_BLOCKING"]}
{"timestamp": "2026-03-01T03:08:11.292019", "user_id": "user_003", "content_hash": "dfa04c8f739d5334", "content_type": "text", "content_length": 67, "is_compliant": false, "violations": ["SGI_HARMFUL_CONTENT_BLOCKING"], "validation_warnings": [], "risk_score": 15, "risk_level": "low", "detected_language": "en", "sentiment": "neutral", "categories": ["political"], "suspicious_patterns": false}
{"timestamp": "2026-03-01T03:08:11.292019", "user_id": "user_003", "content_hash": "dfa04c8f739d5334", "content_type": "text", "content_length": 67, "is_compliant": false, "violations": ["SGI_HARMFUL_CONTENT_BLOCKING"], "validation_warnings": [], "risk_score": 15, "risk_level": "low", "detected_language": "en", "sentiment": "neutral", "categories": ["political"], "suspicious_patterns": false}
{"timestamp": "2026-03-01T03:08:11.292746", "user_id": "user_004", "content_hash": -5368542591682123856, "is_compliant": true, "violations": []}
{"timestamp": "2026-03-01T03:08:11.292746", "user_id": "user_004", "content_hash": -5368542591682123856, "is_compliant": true, "violations": []}
{"timestamp": "2026-03-01T03:08:11.292826", "user_id": "user_004", "content_hash": "0056fbf4ad04c17f", "content_type": "text", "content_length": 63, "is_compliant": true, "violations": [], "validation_warnings": [], "risk_score": 0, "risk_level": "low", "detected_language": "en", "sentiment": "neutral", "categories": ["education"], "suspicious_patterns": false}
{"timestamp": "2026-03-01T03:08:11.292826", "user_id": "user_004", "content_hash": "0056fbf4ad04c17f", "content_type": "text", "content_length": 63, "is_compliant": true, "violations": [], "validation_warnings": [], "risk_score": 0, "risk_level": "low", "detected_language": "en", "sentiment": "neutral", "categories": ["education"], "suspicious_patterns": false}
{"timestamp": "2026-03-01T03:14:55.142802", "user_id": "user_001", "content_hash": 7314751297407625300, "is_compliant": false, "violations": ["SGI_HARMFUL_CONTENT_BLOCKING"]}
{"timestamp": "2026-03-01T03:14:55.142802", "user_id": "user_001", "content_hash": 7314751297407625300, "is_compliant": false, "violations": ["SGI_HARMFUL_CONTENT_BLOCKING"]}
{"timestamp": "2026-03-01T03:14:55.144201", "user_id": "user_001", "content_hash": "34fdf71cc2980b3a", "content_type": "image", "content_length": 61, "is_compliant": false, "violations": ["SGI_HARMFUL_CONTENT_BLOCKING", "HUMAN_REVIEW_REQUIRED"], "validation_warnings": ["Missing 'is_ai_generated' for image. Set to True (assume AI-generated)"], "risk_score": 0, "risk_level": "low", "detected_language": "en", "sentiment": "neutral", "categories": ["general"], "suspicious_patterns": false, "requires_human_review": true, "review_case_id": "REVIEW-20260301-00001", "review_priority": "critical"}
{"timestamp": "2026-03-01T03:14:55.144201", "user_id": "user_001", "content_hash": "34fdf71cc2980b3a", "content_type": "image", "content_length": 61, "is_compliant": false, "violations": ["SGI_HARMFUL_CONTENT_BLOCKING", "HUMAN_REVIEW_REQUIRED"], "validation_warnings": ["Missing 'is_ai_generated' for image. Set to True (assume AI-generated)"], "risk_score": 0, "risk_level": "low", "detected_language": "en", "sentiment": "neutral", "categories": ["general"], "suspicious_patterns": false, "requires_human_review": true, "review_case_id": "REVIEW-20260301-00001", "review_priority": "critical"}
{"timestamp": "2026-03-01T03:14:55.145567", "user_id": "user_002", "content_hash": 1860124706412630387, "is_compliant": true, "violations": []}
{"timestamp": "2026-03-01T03:14:55.145567", "user_id": "user_002", "content_hash": 1860124706412630387, "is_compliant": true, "violations": []}
{"timestamp": "2026-03-01T03:14:55.145731", "user_id": "user_002", "content_hash": "222e14e1617da789", "content_type": "text", "content_length": 79, "is_compliant": true, "violations": [], "validation_warnings": ["Suspicious pattern detected: Possible XSS attempt"], "risk_score": 55, "risk_level": "medium", "detected_language": "en", "sentiment": "neutral", "categories": ["political"], "suspicious_patterns": true, "requires_human_review": true, "review_case_id": "REVIEW-20260301-00002", "review_priority": "medium"}
{"timestamp": "2026-03-01T03:14:55.145731", "user_id": "user_002", "content_hash": "222e14e1617da789", "content_type": "text", "content_length": 79, "is_compliant": true, "violations": [], "validation_warnings": ["Suspicious pattern detected: Possible XSS attempt"], "risk_score": 55, "risk_level": "medium", "detected_language": "en", "sentiment": "neutral", "categories": ["political"], "suspicious_patterns": true, "requires_human_review": true, "review_case_id": "REVIEW-20260301-00002", "review_priority": "medium"}
{"timestamp": "2026-03-01T03:14:55.146519", "user_id": "user_003", "content_hash": -5890211484322837653, "is_compliant": true, "violations": []}
{"timestamp": "2026-03-01T03:14:55.146519", "user_id": "user_003", "content_hash": -5890211484322837653, "is_compliant": true, "violations": []}
{"timestamp": "2026-03-01T03:14:55.146634", "user_id": "user_003", "content_hash": "4a5a48e154c8cee4", "content_type": "text", "content_length": 61, "is_compliant": true, "violations": [], "validation_warnings": [], "risk_score": 15, "risk_level": "low", "detected_language": "en", "sentiment": "neutral", "categories": ["political"], "suspicious_patterns": false, "requires_human_review": true, "review_case_id": "REVIEW-20260301-00003", "review_priority": "medium"}
{"timestamp": "2026-03-01T03:14:55.146634", "user_id": "user_003", "content_hash": "4a5a48e154c8cee4", "content_type": "text", "content_length": 61, "is_compliant": true, "violations": [], "validation_warnings": [], "risk_score": 15, "risk_level": "low", "detected_language": "en", "sentiment": "neutral", "categories": ["political"], "suspicious_patterns": false, "requires_human_review": true, "review_case_id": "REVIEW-20260301-00003", "review_priority": "medium"}
{"timestamp": "2026-03-01T03:14:55.147507", "user_id": "user_004", "content_hash": 3053002625474392026, "is_compliant": true, "violations": []}
{"timestamp": "2026-03-01T03:14:55.147507", "user_id": "user_004", "content_hash": 3053002625474392026, "is_compliant": true, "violations": []}
{"timestamp": "2026-03-01T03:14:55.147624", "user_id": "user_004", "content_hash": "7ed2d41359c9169b", "content_type": "text", "content_length": 56, "is_compliant": true, "violations": [], "validation_warnings": [], "risk_score": 0, "risk_level": "low", "detected_language": "en", "sentiment": "neutral", "categories": ["education"], "suspicious_patterns": false, "requires_human_review": true, "review_case_id": "REVIEW-20260301-00004", "review_priority": "medium"}
{"timestamp": "2026-03-01T03:14:55.147624", "user_id": "user_004", "content_hash": "7ed2d41359c9169b", "content_type": "text", "content_length": 56, "is_compliant": true, "violations": [], "validation_warnings": [], "risk_score": 0, "risk_level": "low", "detected_language": "en", "sentiment": "neutral", "categories": ["education"], "suspicious_patterns": false, "requires_human_review": true, "review_case_id": "REVIEW-20260301-00004", "review_priority": "medium"}
{"timestamp": "2026-03-01T03:19:24.342131", "user_id": "user_001", "content_hash": -9191277094206470477, "is_compliant": false, "violations": ["SGI_MANDATORY_LABELING"]}
{"timestamp": "2026-03-01T03:19:24.342131", "user_id": "user_001", "content_hash": -9191277094206470477, "is_compliant": false, "violations": ["SGI_MANDATORY_LABELING"]}
{"timestamp": "2026-03-01T03:19:24.342973", "user_id": "user_001", "content_hash": "ce53435332127665", "content_type": "text", "content_length": 50, "is_compliant": false, "violations": ["SGI_MANDATORY_LABELING", "CRITICAL_OMISSION"], "validation_warnings": [], "risk_score": 0, "risk_level": "low", "detected_language": "en", "sentiment": "neutral", "categories": ["general"], "suspicious_patterns": false, "requires_human_review": false, "review_case_id": null, "review_priority": null}
{"timestamp": "2026-03-01T03:19:24.342973", "user_id": "user_001", "content_hash": "ce53435332127665", "content_type": "text", "content_length": 50, "is_compliant": false, "violations": ["SGI_MANDATORY_LABELING", "CRITICAL_OMISSION"], "validation_warnings": [], "risk_score": 0, "risk_level": "low", "detected_language": "en", "sentiment": "neutral", "categories": ["general"], "suspicious_patterns": false, "requires_human_review": false, "review_case_id": null, "review_priority": null}
{"timestamp": "2026-03-01T03:19:24.343266", "user_id": "user_002", "content_hash": -7671611352413467280, "is_compliant": false, "violations": ["SGI_USER_CONSENT"]}
{"timestamp": "2026-03-01T03:19:24.343266", "user_id": "user_002", "content_hash": -7671611352413467280, "is_compliant": false, "violations": ["SGI_USER_CONSENT"]}
{"timestamp": "2026-03-01T03:19:24.343397", "user_id": "user_002", "content_hash": "cf8e9ce0a791d332", "content_type": "image", "content_length": 29, "is_compliant": false, "violations": ["SGI_USER_CONSENT", "CRITICAL_OMISSION"], "validation_warnings": ["Missing 'is_ai_generated' for image. Set to True (assume AI-generated)"], "risk_score": 25, "risk_level": "low", "detected_language": "en", "sentiment": "neutral", "categories": ["general"], "suspicious_patterns": false, "requires_human_review": false, "review_case_id": null, "review_priority": null}
{"timestamp": "2026-03-01T03:19:24.343397", "user_id": "user_002", "content_hash": "cf8e9ce0a791d332", "content_type": "image", "content_length": 29, "is_compliant": false, "violations": ["SGI_USER_CONSENT", "CRITICAL_OMISSION"], "validation_warnings": ["Missing 'is_ai_generated' for image. Set to True (assume AI-generated)"], "risk_score": 25, "risk_level": "low", "detected_language": "en", "sentiment": "neutral", "categories": ["general"], "suspicious_patterns": false, "requires_human_review": false, "review_case_id": null, "review_priority": null}
{"timestamp": "2026-03-01T03:19:24.343572", "user_id": "user_003", "content_hash": -1409919671499019813, "is_compliant": true, "violations": []}
{"timestamp": "2026-03-01T03:19:24.343572", "user_id": "user_003", "content_hash": -1409919671499019813, "is_compliant": true, "violations": []}
{"timestamp": "2026-03-01T03:19:24.343731", "user_id": "user_003", "content_hash": "1c864c1d27f488b9", "content_type": "text", "content_length": 63, "is_compliant": true, "violations": [], "validation_warnings": [], "risk_score": 0, "risk_level": "low", "detected_language": "en", "sentiment": "neutral", "categories": ["health"], "suspicious_patterns": false, "requires_human_review": false, "review_case_id": null, "review_priority": null}
{"timestamp": "2026-03-01T03:19:24.343731", "user_id": "user_003", "content_hash": "1c864c1d27f488b9", "content_type": "text", "content_length": 63, "is_compliant": true, "violations": [], "validation_warnings": [], "risk_score": 0, "risk_level": "low", "detected_language": "en", "sentiment": "neutral", "categories": ["health"], "suspicious_patterns": false, "requires_human_review": false, "review_case_id": null, "review_priority": null}
{"timestamp": "2026-03-01T03:19:24.343890", "user_id": "user_004", "content_hash": 7350869340151432098, "is_compliant": true, "violations": []}
{"timestamp": "2026-03-01T03:19:24.343890", "user_id": "user_004", "content_hash": 7350869340151432098, "is_compliant": true, "violations": []}
{"timestamp": "2026-03-01T03:19:24.343983", "user_id": "user_004", "content_hash": "991d1723226e49d8", "content_type": "text", "content_length": 52, "is_compliant": true, "violations": [], "validation_warnings": [], "risk_score": 0, "risk_level": "low", "detected_language": "en", "sentiment": "neutral", "categories": ["general"], "suspicious_patterns": false, "requires_human_review": false, "review_case_id": null, "review_priority": null}
{"timestamp": "2026-03-01T03:19:24.343983", "user_id": "user_004", "content_hash": "991d1723226e49d8", "content_type": "text", "content_length": 52, "is_compliant": true, "violations": [], "validation_warnings": [], "risk_score": 0, "risk_level": "low", "detected_language": "en", "sentiment": "neutral", "categories": ["general"], "suspicious_patterns": false, "requires_human_review": false, "review_case_id": null, "review_priority": null}
{"timestamp": "2026-03-01T03:19:24.344131", "user_id": "user_005", "content_hash": -6142120724356405088, "is_compliant": false, "violations": ["AI_GOVERNANCE_ACCOUNTABILITY"]}
{"timestamp": "2026-03-01T03:19:24.344131", "user_id": "user_005", "content_hash": -6142120724356405088, "is_compliant": false, "violations": ["AI_GOVERNANCE_ACCOUNTABILITY"]}
{"timestamp": "2026-03-01T03:19:24.344218", "user_id": "user_005", "content_hash": "47a12fc536690af6", "content_type": "text", "content_length": 38, "is_compliant": false, "violations": ["AI_GOVERNANCE_ACCOUNTABILITY"], "validation_warnings": [], "risk_score": 0, "risk_level": "low", "detected_language": "en", "sentiment": "neutral", "categories": ["general"], "suspicious_patterns": false, "requires_human_review": false, "review_case_id": null, "review_priority": null}
{"timestamp": "2026-03-01T03:19:24.344218", "user_id": "user_005", "content_hash": "47a12fc536690af6", "content_type": "text", "content_length": 38, "is_compliant": false, "violations": ["AI_GOVERNANCE_ACCOUNTABILITY"], "validation_warnings": [], "risk_score": 0, "risk_level": "low", "detected_language": "en", "sentiment": "neutral", "categories": ["general"], "suspicious_patterns": false, "requires_human_review": false, "review_case_id": null, "review_priority": null}
{"timestamp": "2026-03-01T03:19:24.344362", "user_id": "user_006", "content_hash": -3329947924384557423, "is_compliant": true, "violations": []}
{"timestamp": "2026-03-01T03:19:24.344362", "user_id": "user_006", "content_hash": -3329947924384557423, "is_compliant": true, "violations": []}
{"timestamp": "2026-03-01T03:19:24.344448", "user_id": "user_006", "content_hash": "199f02930c58919d", "content_type": "text", "content_length": 90, "is_compliant": true, "violations": [], "validation_warnings": [], "risk_score": 0, "risk_level": "low", "detected_language": "en", "sentiment": "neutral", "categories": ["education"], "suspicious_patterns": false, "requires_human_review": false, "review_case_id": null, "review_priority": null}
{"timestamp": "2026-03-01T03:19:24.344448", "user_id": "user_006", "content_hash": "199f02930c58919d", "content_type": "text", "content_length": 90, "is_compliant": true, "violations": [], "validation_warnings": [], "risk_score": 0, "risk_level": "low", "detected_language": "en", "sentiment": "neutral", "categories": ["education"], "suspicious_patterns": false, "requires_human_review": false, "review_case_id": null, "review_priority": null}
{"timestamp": "2026-03-01T03:19:24.344758", "user_id": "user_007", "content_hash": -3393677570347389875, "is_compliant": true, "violations": []}
{"timestamp": "2026-03-01T03:19:24.344758", "user_id": "user_007", "content_hash": -3393677570347389875, "is_compliant": true, "violations": []}
{"timestamp": "2026-03-01T03:19:24.344839", "user_id": "user_007", "content_hash": "134a74e5903f032e", "content_type": "text", "content_length": 145, "is_compliant": true, "violations": [], "validation_warnings": [], "risk_score": 0, "risk_level": "low", "detected_language": "en", "sentiment": "neutral", "categories": ["education"], "suspicious_patterns": false, "requires_human_review": false, "review_case_id": null, "review_priority": null}
{"timestamp": "2026-03-01T03:19:24.344839", "user_id": "user_007", "content_hash": "134a74e5903f032e", "content_type": "text", "content_length": 145, "is_compliant": true, "violations": [], "validation_warnings": [], "risk_score": 0, "risk_level": "low", "detected_language": "en", "sentiment": "neutral", "categories": ["education"], "suspicious_patterns": false, "requires_human_review": false, "review_case_id": null, "review_priority": null}
{"timestamp": "2026-03-01T03:19:41.082364", "user_id": "user_001", "content_hash": -8112602311632884715, "is_compliant": false, "violations": ["SGI_MANDATORY_LABELING"]}
{"timestamp": "2026-03-01T03:19:41.082364", "user_id": "user_001", "content_hash": -8112602311632884715, "is_compliant": false, "violations": ["SGI_MANDATORY_LABELING"]}
{"timestamp": "2026-03-01T03:19:41.082688", "user_id": "user_001", "content_hash": "ce53435332127665", "content_type": "text", "content_length": 50, "is_compliant": false, "violations": ["SGI_MANDATORY_LABELING", "CRITICAL_OMISSION"], "validation_warnings": [], "risk_score": 0, "risk_level": "low", "detected_language": "en", "sentiment": "neutral", "categories": ["general"], "suspicious_patterns": false, "requires_human_review": false, "review_case_id": null, "review_priority": null}
{"timestamp": "2026-03-01T03:19:41.082688", "user_id": "user_001", "content_hash": "ce53435332127665", "content_type": "text", "content_length": 50, "is_compliant": false, "violations": ["SGI_MANDATORY_LABELING", "CRITICAL_OMISSION"], "validation_warnings": [], "risk_score": 0, "risk_level": "low", "detected_language": "en", "sentiment": "neutral", "categories": ["general"], "suspicious_patterns": false, "requires_human_review": false, "review_case_id": null, "review_priority": null}
{"timestamp": "2026-03-01T03:19:41.082907", "user_id": "user_002", "content_hash": -5323801339021787317, "is_compliant": false, "violations": ["SGI_USER_CONSENT"]}
{"timestamp": "2026-03-01T03:19:41.082907", "user_id": "user_002", "content_hash": -5323801339021787317, "is_compliant": false, "violations": ["SGI_USER_CONSENT"]}
{"timestamp": "2026-03-01T03:19:41.083024", "user_id": "user_002", "content_hash": "cf8e9ce0a791d332", "content_type": "image", "content_length": 29, "is_compliant": false, "violations": ["SGI_USER_CONSENT", "CRITICAL_OMISSION"], "validation_warnings": ["Missing 'is_ai_generated' for image. Set to True (assume AI-generated)"], "risk_score": 25, "risk_level": "low", "detected_language": "en", "sentiment": "neutral", "categories": ["general"], "suspicious_patterns": false, "requires_human_review": false, "review_case_id": null, "review_priority": null}
{"timestamp": "2026-03-01T03:19:41.083024", "user_id": "user_002", "content_hash": "cf8e9ce0a791d332", "content_type": "image", "content_length": 29, "is_compliant": false, "violations": ["SGI_USER_CONSENT", "CRITICAL_OMISSION"], "validation_warnings": ["Missing 'is_ai_generated' for image. Set to True (assume AI-generated)"], "risk_score": 25, "risk_level": "low", "detected_language": "en", "sentiment": "neutral", "categories": ["general"], "suspicious_patterns": false, "requires_human_review": false, "review_case_id": null, "review_priority": null}
{"timestamp": "2026-03-01T03:19:41.083243", "user_id": "user_003", "content_hash": 8122982538303381611, "is_compliant": true, "violations": []}
{"timestamp": "2026-03-01T03:19:41.083243", "user_id": "user_003", "content_hash": 8122982538303381611, "is_compliant": true, "violations": []}
{"timestamp": "2026-03-01T03:19:41.083342", "user_id": "user_003", "content_hash": "1c864c1d27f488b9", "content_type": "text", "content_length": 63, "is_compliant": true, "violations": [], "validation_warnings": [], "risk_score": 0, "risk_level": "low", "detected_language": "en", "sentiment": "neutral", "categories": ["health"], "suspicious_patterns": false, "requires_human_review": false, "review_case_id": null, "review_priority": null}
{"timestamp": "2026-03-01T03:19:41.083342", "user_id": "user_003", "content_hash": "1c864c1d27f488b9", "content_type": "text", "content_length": 63, "is_compliant": true, "violations": [], "validation_warnings": [], "risk_score": 0, "risk_level": "low", "detected_language": "en", "sentiment": "neutral", "categories": ["health"], "suspicious_patterns": false, "requires_human_review": false, "review_case_id": null, "review_priority": null}
{"timestamp": "2026-03-01T03:19:41.083489", "user_id": "user_004", "content_hash": 7233373636516162912, "is_compliant": true, "violations": []}
{"timestamp": "2026-03-01T03:19:41.083489", "user_id": "user_004", "content_hash": 7233373636516162912, "is_compliant": true, "violations": []}
{"timestamp": "2026-03-01T03:19:41.083580", "user_id": "user_004", "content_hash": "991d1723226e49d8", "content_type": "text", "content_length": 52, "is_compliant": true, "violations": [], "validation_warnings": [], "risk_score": 0, "risk_level": "low", "detected_language": "en", "sentiment": "neutral", "categories": ["general"], "suspicious_patterns": false, "requires_human_review": false, "review_case_id": null, "review_priority": null}
{"timestamp": "2026-03-01T03:19:41.083580", "user_id": "user_004", "content_hash": "991d1723226e49d8", "content_type": "text", "content_length": 52, "is_compliant": true, "violations": [], "validation_warnings": [], "risk_score": 0, "risk_level": "low", "detected_language": "en", "sentiment": "neutral", "categories": ["general"], "suspicious_patterns": false, "requires_human_review": false, "review_case_id": null, "review_priority": null}
{"timestamp": "2026-03-01T03:19:41.083735", "user_id": "user_005", "content_hash": -8924058998310986101, "is_compliant": false, "violations": ["AI_GOVERNANCE_ACCOUNTABILITY"]}
{"timestamp": "2026-03-01T03:19:41.083735", "user_id": "user_005", "content_hash": -8924058998310986101, "is_compliant": false, "violations": ["AI_GOVERNANCE_ACCOUNTABILITY"]}
{"timestamp": "2026-03-01T03:19:41.083823", "user_id": "user_005", "content_hash": "47a12fc536690af6", "content_type": "text", "content_length": 38, "is_compliant": false, "violations": ["AI_GOVERNANCE_ACCOUNTABILITY"], "validation_warnings": [], "risk_score": 0, "risk_level": "low", "detected_language": "en", "sentiment": "neutral", "categories": ["general"], "suspicious_patterns": false, "requires_human_review": false, "review_case_id": null, "review_priority": null}
{"timestamp": "2026-03-01T03:19:41.083823", "user_id": "user_005", "content_hash": "47a12fc536690af6", "content_type": "text", "content_length": 38, "is_compliant": false, "violations": ["AI_GOVERNANCE_ACCOUNTABILITY"], "validation_warnings": [], "risk_score": 0, "risk_level": "low", "detected_language": "en", "sentiment": "neutral", "categories": ["general"], "suspicious_patterns": false, "requires_human_review": false, "review_case_id": null, "review_priority": null}
{"timestamp": "2026-03-01T03:19:41.084001", "user_id": "user_006", "content_hash": -5662433150254361045, "is_compliant": true, "violations": []}
{"timestamp": "2026-03-01T03:19:41.084001", "user_id": "user_006", "content_hash": -5662433150254361045, "is_compliant": true, "violations": []}
{"timestamp": "2026-03-01T03:19:41.084098", "user_id": "user_006", "content_hash": "199f02930c58919d", "content_type": "text", "content_length": 90, "is_compliant": true, "violations": [], "validation_warnings": [], "risk_score": 0, "risk_level": "low", "detected_language": "en", "sentiment": "neutral", "categories": ["education"], "suspicious_patterns": false, "requires_human_review": false, "review_case_id": null, "review_priority": null}
{"timestamp": "2026-03-01T03:19:41.084098", "user_id": "user_006", "content_hash": "199f02930c58919d", "content_type": "text", "content_length": 90, "is_compliant": true, "violations": [], "validation_warnings": [], "risk_score": 0, "risk_level": "low", "detected_language": "en", "sentiment": "neutral", "categories": ["education"], "suspicious_patterns": false, "requires_human_review": false, "review_case_id": null, "review_priority": null}
{"timestamp": "2026-03-01T03:19:41.084256", "user_id": "user_007", "content_hash": 1777090193885629393, "is_compliant": true, "violations": []}
{"timestamp": "2026-03-01T03:19:41.084256", "user_id": "user_007", "content_hash": 1777090193885629393, "is_compliant": true, "violations": []}
{"timestamp": "2026-03-01T03:19:41.084326", "user_id": "user_007", "content_hash": "134a74e5903f032e", "content_type": "text", "content_length": 145, "is_compliant": true, "violations": [], "validation_warnings": [], "risk_score": 0, "risk_level": "low", "detected_language": "en", "sentiment": "neutral", "categories": ["education"], "suspicious_patterns": false, "requires_human_review": false, "review_case_id": null, "review_priority": null}
{"timestamp": "2026-03-01T03:19:41.084326", "user_id": "user_007", "content_hash": "134a74e5903f032e", "content_type": "text", "content_length": 145, "is_compliant": true, "violations": [], "validation_warnings": [], "risk_score": 0, "risk_level": "low", "detected_language": "en", "sentiment": "neutral", "categories": ["education"], "suspicious_patterns": false, "requires_human_review": false, "review_case_id": null, "review_priority": null}
{"timestamp": "2026-03-01T04:03:49.929191", "user_id": "test_user_001", "content_hash": -7432007351893861978, "is_compliant": true, "violations": []}
{"timestamp": "2026-03-01T04:04:26.604705", "user_id": "test_user_002", "content_hash": -3233643832118656716, "is_compliant": true, "violations": []}
{"timestamp": "2026-03-01T04:04:28.077224", "user_id": "test_user_002", "content_hash": -3233643832118656716, "is_compliant": true, "violations": []}
{"timestamp": "2026-03-01T04:04:28.652554", "user_id": "test_user_002", "content_hash": -3233643832118656716, "is_compliant": true, "violations": []}
{"timestamp": "2026-03-01T04:04:29.388733", "user_id": "test_user_002", "content_hash": -3233643832118656716, "is_compliant": true, "violations": []}
{"timestamp": "2026-03-01T04:04:29.861232", "user_id": "test_user_002", "content_hash": -3233643832118656716, "is_compliant": true, "violations": []}
{"timestamp": "2026-03-01T04:04:30.093072", "user_id": "test_user_002", "content_hash": -3233643832118656716, "is_compliant": true, "violations": []}
{"timestamp": "2026-03-01T04:04:30.285531", "user_id": "test_user_002", "content_hash": -3233643832118656716, "is_compliant": true, "violations": []}
{"timestamp": "2026-03-01T04:04:30.660943", "user_id": "test_user_002", "content_hash": -3233643832118656716, "is_compliant": true, "violations": []}
{"timestamp": "2026-03-01T04:04:51.443770", "user_id": "test_user_002", "content_hash": -1010166779885200810, "is_compliant": true, "violations": []}
{"timestamp": "2026-03-01T04:04:57.228534", "user_id": "test_user_003", "content_hash": -1010166779885200810, "is_compliant": true, "violations": []}
{"timestamp": "2026-03-01T04:05:14.179930", "user_id": "test_user_003", "content_hash": -2767680530600552250, "is_compliant": true, "violations": []}
{"timestamp": "2026-03-01T04:05:39.403949", "user_id": "test_user_003", "content_hash": -751856442485568977, "is_compliant": true, "violations": []}
{"timestamp": "2026-03-01T04:08:07.140993", "user_id": "test_user_001", "content_hash": 7346541846093738193, "is_compliant": true, "violations": []}
{"timestamp": "2026-03-01T04:08:29.661077", "user_id": "test_user_001", "content_hash": 7680658988600470925, "is_compliant": true, "violations": []}
{"timestamp": "2026-03-01T04:08:31.381840", "user_id": "test_user_001", "content_hash": 7680658988600470925, "is_compliant": true, "violations": []}
{"timestamp": "2026-03-01T04:08:31.931735", "user_id": "test_user_001", "content_hash": 7680658988600470925, "is_compliant": true, "violations": []}
{"timestamp": "2026-03-01T04:08:32.189114", "user_id": "test_user_001", "content_hash": 7680658988600470925, "is_compliant": true, "violations": []}
{"timestamp": "2026-03-01T04:08:32.396687", "user_id": "test_user_001", "content_hash": 7680658988600470925, "is_compliant": true, "violations": []}
{"timestamp": "2026-03-01T04:08:32.604745", "user_id": "test_user_001", "content_hash": 7680658988600470925, "is_compliant": true, "violations": []}
{"timestamp": "2026-03-01T04:08:32.815172", "user_id": "test_user_001", "content_hash": 7680658988600470925, "is_compliant": true, "violations": []}
{"timestamp": "2026-03-01T04:08:33.020619", "user_id": "test_user_001", "content_hash": 7680658988600470925, "is_compliant": true, "violations": []}
{"timestamp": "2026-03-01T04:08:33.229306", "user_id": "test_user_001", "content_hash": 7680658988600470925, "is_compliant": true, "violations": []}
{"timestamp": "2026-03-01T04:08:33.444621", "user_id": "test_user_001", "content_hash": 7680658988600470925, "is_compliant": true, "violations": []}
{"timestamp": "2026-03-01T04:08:33.652886", "user_id": "test_user_001", "content_hash": 7680658988600470925, "is_compliant": true, "violations": []}
{"timestamp": "2026-03-01T04:08:33.853247", "user_id": "test_user_001", "content_hash": 7680658988600470925, "is_compliant": true, "violations": []}
{"timestamp": "2026-03-01T04:08:34.068979", "user_id": "test_user_001", "content_hash": 7680658988600470925, "is_compliant": true, "violations": []}
{"timestamp": "2026-03-01T04:08:34.277494", "user_id": "test_user_001", "content_hash": 7680658988600470925, "is_compliant": true, "violations": []}
{"timestamp": "2026-03-01T04:09:14.368842", "user_id": "test_user", "content_hash": 2834076265077496562, "is_compliant": false, "violations": ["SGI_HARMFUL_CONTENT_BLOCKING"]}
{"timestamp": "2026-03-01T04:09:16.421223", "user_id": "test_user", "content_hash": -8832197554529235506, "is_compliant": false, "violations": ["SGI_HARMFUL_CONTENT_BLOCKING"]}
{"timestamp": "2026-03-01T04:09:18.467070", "user_id": "test_user", "content_hash": 4748654687214828381, "is_compliant": true, "violations": []}
{"timestamp": "2026-03-01T04:09:20.503125", "user_id": "test_user", "content_hash": 4267640132654623877, "is_compliant": true, "violations": []}
{"timestamp": "2026-03-01T04:09:22.548587", "user_id": "test_user", "content_hash": -4561216065898603078, "is_compliant": false, "violations": ["SGI_MANDATORY_LABELING"]}
{"timestamp": "2026-03-01T04:09:24.582678", "user_id": "test_user", "content_hash": 4026371109903593536, "is_compliant": false, "violations": ["SGI_USER_CONSENT"]}
{"timestamp": "2026-03-01T04:09:26.624303", "user_id": "test_user", "content_hash": -4115979405940874694, "is_compliant": true, "violations": []}
{"timestamp": "2026-03-01T04:09:28.673832", "user_id": "test_user", "content_hash": 7162466580615022471, "is_compliant": false, "violations": ["CYBERCRIME_PREVENTION"]}
{"timestamp": "2026-03-01T04:10:43.102833", "user_id": "test_user_001", "content_hash": -698386651462541104, "is_compliant": true, "violations": []}
{"timestamp": "2026-03-01T04:11:02.371606", "user_id": "test_user_001", "content_hash": -2357444344526646033, "is_compliant": true, "violations": []}
{"timestamp": "2026-03-01T04:11:12.052650", "user_id": "test_user_5", "content_hash": 9174275523878827546, "is_compliant": false, "violations": ["AI_GOVERNANCE_ACCOUNTABILITY"]}
{"timestamp": "2026-03-01T04:11:16.172644", "user_id": "test_user_5", "content_hash": 9174275523878827546, "is_compliant": false, "violations": ["AI_GOVERNANCE_ACCOUNTABILITY"]}
{"timestamp": "2026-03-01T04:11:19.788397", "user_id": "test_user_7", "content_hash": 7600404993689497227, "is_compliant": false, "violations": ["AI_GOVERNANCE_ACCOUNTABILITY"]}
{"timestamp": "2026-03-01T04:11:24.973018", "user_id": "test_user_10", "content_hash": -5979848548414869838, "is_compliant": true, "violations": []}
{"timestamp": "2026-03-01T04:11:30.164228", "user_id": "test_user_3", "content_hash": -3059216136380514326, "is_compliant": false, "violations": ["SGI_HARMFUL_CONTENT_BLOCKING"]}
{"timestamp": "2026-03-01T04:14:37.324246", "user_id": "test_user_001", "content_hash": -90120241632112536, "is_compliant": true, "violations": []}
{"timestamp": "2026-03-01T04:15:08.970189", "user_id": "test_user_001", "content_hash": -1868640191399857670, "is_compliant": true, "violations": []}
{"timestamp": "2026-03-01T04:15:09.755958", "user_id": "test_user_001", "content_hash": -1868640191399857670, "is_compliant": true, "violations": []}
{"timestamp": "2026-03-01T04:15:10.147596", "user_id": "test_user_001", "content_hash": -1868640191399857670, "is_compliant": true, "violations": []}
{"timestamp": "2026-03-01T04:15:10.339301", "user_id": "test_user_001", "content_hash": -1868640191399857670, "is_compliant": true, "violations": []}
{"timestamp": "2026-03-01T04:15:10.547944", "user_id": "test_user_001", "content_hash": -1868640191399857670, "is_compliant": true, "violations": []}
{"timestamp": "2026-03-01T04:15:10.908361", "user_id": "test_user_001", "content_hash": -1868640191399857670, "is_compliant": true, "violations": []}
{"timestamp": "2026-03-01T04:15:11.179331", "user_id": "test_user_001", "content_hash": -1868640191399857670, "is_compliant": true, "violations": []}
{"timestamp": "2026-03-01T04:15:11.355381", "user_id": "test_user_001", "content_hash": -1868640191399857670, "is_compliant": true, "violations": []}
{"timestamp": "2026-03-01T04:15:11.564187", "user_id": "test_user_001", "content_hash": -1868640191399857670, "is_compliant": true, "violations": []}
{"timestamp": "2026-03-01T04:15:11.763405", "user_id": "test_user_001", "content_hash": -1868640191399857670, "is_compliant": true, "violations": []}
{"timestamp": "2026-03-01T04:15:14.804241", "user_id": "test_user_1", "content_hash": 3256535308115904702, "is_compliant": true, "violations": []}
{"timestamp": "2026-03-01T04:15:15.803116", "user_id": "test_user_1", "content_hash": 3256535308115904702, "is_compliant": true, "violations": []}
{"timestamp": "2026-03-01T04:15:18.294356", "user_id": "test_user_2", "content_hash": 7609497677000470869, "is_compliant": false, "violations": ["SGI_MANDATORY_LABELING"]}
{"timestamp": "2026-03-01T04:15:21.595630", "user_id": "test_user_3", "content_hash": -5827227551184049026, "is_compliant": false, "violations": ["SGI_HARMFUL_CONTENT_BLOCKING"]}
{"timestamp": "2026-03-01T04:15:24.308296", "user_id": "test_user_4", "content_hash": -3038278228482199100, "is_compliant": false, "violations": ["AI_GOVERNANCE_ACCOUNTABILITY"]}
{"timestamp": "2026-03-01T04:15:28.603328", "user_id": "test_user_4", "content_hash": -3038278228482199100, "is_compliant": false, "violations": ["AI_GOVERNANCE_ACCOUNTABILITY"]}
{"timestamp": "2026-03-01T04:15:31.275648", "user_id": "test_user_3", "content_hash": -5827227551184049026, "is_compliant": false, "violations": ["SGI_HARMFUL_CONTENT_BLOCKING"]}
{"timestamp": "2026-03-01T04:15:35.651810", "user_id": "test_user_5", "content_hash": -1191635080603852404, "is_compliant": false, "violations": ["AI_GOVERNANCE_ACCOUNTABILITY"]}
{"timestamp": "2026-03-01T04:15:43.707376", "user_id": "test_user_7", "content_hash": 1336937498778846479, "is_compliant": true, "violations": []}
{"timestamp": "2026-03-01T04:15:48.220138", "user_id": "test_user_7", "content_hash": 1336937498778846479, "is_compliant": false, "violations": ["SGI_USER_CONSENT"]}
{"timestamp": "2026-03-01T04:15:58.100382", "user_id": "test_user_7", "content_hash": 1336937498778846479, "is_compliant": false, "violations": ["SGI_MANDATORY_LABELING"]}
{"timestamp": "2026-03-01T04:16:02.987839", "user_id": "test_user_7", "content_hash": 1336937498778846479, "is_compliant": true, "violations": []}
